[0.008s] Invoking command in '/home/hanmo/workspace/code/esp32_arduino/extra_packages/build/multi_sensor_interfaces': /usr/bin/cmake --build /home/hanmo/workspace/code/esp32_arduino/extra_packages/build/multi_sensor_interfaces -- -j24 -l24
[0.026s] -- Found ament_cmake: 1.3.11 (/opt/ros/humble/share/ament_cmake/cmake)
[0.109s] -- Found ament_lint_auto: 0.12.11 (/opt/ros/humble/share/ament_lint_auto/cmake)
[0.142s] Error parsing '/home/hanmo/workspace/code/esp32_arduino/extra_packages/multi_sensor_interfaces/package.xml':
[0.171s] Traceback (most recent call last):
[0.171s]   File "/usr/lib/python3/dist-packages/catkin_pkg/package.py", line 610, in parse_package_string
[0.172s]     root = dom.parseString(data)
[0.172s]   File "/usr/lib/python3.10/xml/dom/minidom.py", line 2000, in parseString
[0.172s]     return expatbuilder.parseString(string)
[0.172s]   File "/usr/lib/python3.10/xml/dom/expatbuilder.py", line 925, in parseString
[0.173s]     return builder.parseString(string)
[0.173s]   File "/usr/lib/python3.10/xml/dom/expatbuilder.py", line 223, in parseString
[0.173s]     parser.Parse(string, True)
[0.173s] xml.parsers.expat.ExpatError: junk after document element: line 19, column 0
[0.173s] 
[0.173s] During handling of the above exception, another exception occurred:
[0.173s] 
[0.173s] Traceback (most recent call last):
[0.173s]   File "/opt/ros/humble/share/ament_cmake_core/cmake/core/package_xml_2_cmake.py", line 150, in <module>
[0.173s]     main()
[0.173s]   File "/opt/ros/humble/share/ament_cmake_core/cmake/core/package_xml_2_cmake.py", line 53, in main
[0.173s]     raise e
[0.173s]   File "/opt/ros/humble/share/ament_cmake_core/cmake/core/package_xml_2_cmake.py", line 49, in main
[0.173s]     package = parse_package_string(
[0.173s]   File "/usr/lib/python3/dist-packages/catkin_pkg/package.py", line 612, in parse_package_string
[0.173s]     raise InvalidPackage('The manifest contains invalid XML:\n%s' % ex, filename)
[0.174s] catkin_pkg.package.InvalidPackage: Error(s) in package '/home/hanmo/workspace/code/esp32_arduino/extra_packages/multi_sensor_interfaces/package.xml':
[0.174s] The manifest contains invalid XML:
[0.174s] junk after document element: line 19, column 0
[0.182s] [31mCMake Error at /opt/ros/humble/share/ament_cmake_core/cmake/core/ament_package_xml.cmake:95 (message):
[0.182s]   execute_process(/usr/bin/python3
[0.182s]   /opt/ros/humble/share/ament_cmake_core/cmake/core/package_xml_2_cmake.py
[0.182s]   /home/hanmo/workspace/code/esp32_arduino/extra_packages/multi_sensor_interfaces/package.xml
[0.182s]   /home/hanmo/workspace/code/esp32_arduino/extra_packages/build/multi_sensor_interfaces/ament_cmake_core/package.cmake)
[0.182s]   returned error code 1
[0.182s] Call Stack (most recent call first):
[0.182s]   /opt/ros/humble/share/ament_cmake_core/cmake/core/ament_package_xml.cmake:49 (_ament_package_xml)
[0.183s]   /opt/ros/humble/share/ament_lint_auto/cmake/ament_lint_auto_find_test_dependencies.cmake:31 (ament_package_xml)
[0.183s]   CMakeLists.txt:23 (ament_lint_auto_find_test_dependencies)
[0.183s] 
[0.183s] [0m
[0.183s] -- Configuring incomplete, errors occurred!
[0.183s] See also "/home/hanmo/workspace/code/esp32_arduino/extra_packages/build/multi_sensor_interfaces/CMakeFiles/CMakeOutput.log".
[0.183s] gmake: *** [Makefile:747ï¼šcmake_check_build_system] é”™è¯¯ 1
[0.185s] Invoked command in '/home/hanmo/workspace/code/esp32_arduino/extra_packages/build/multi_sensor_interfaces' returned '2': /usr/bin/cmake --build /home/hanmo/workspace/code/esp32_arduino/extra_packages/build/multi_sensor_interfaces -- -j24 -l24
